vrecord Test Suite
==================
Project dir: /ai/scripts/vrecord
Test dir: /ai/scripts/vrecord/tests


Running test suite: 2
=====================================
